[90m                                                                                [39m
[90m [39m                      === npm audit security report ===                       [90m [39m
[90m                                                                                [39m
[90m                                                                                [39m
[90m [39m                                Manual Review                                 [90m [39m
[90m [39m            Some vulnerabilities require your attention to resolve            [90m [39m
[90m [39m                                                                              [90m [39m
[90m [39m         Visit https://go.npm.me/audit-guide for additional guidance          [90m [39m
[90m                                                                                [39m
[90m                [39m[90m                                                                [39m
[90m [39m Moderate      [90m [39m  Inefficient Regular Expression Complexity in                [90m [39m
[90m [39m               [90m [39m chalk/ansi-regex                                             [90m [39m
[90m                [39m[90m                                                                [39m
[90m [39m Package       [90m [39m ansi-regex                                                   [90m [39m
[90m                [39m[90m                                                                [39m
[90m [39m Patched in    [90m [39m >=5.0.1                                                      [90m [39m
[90m                [39m[90m                                                                [39m
[90m [39m Dependency of [90m [39m react-scripts                                                [90m [39m
[90m                [39m[90m                                                                [39m
[90m [39m Path          [90m [39m react-scripts > webpack-dev-server > yargs > string-width >  [90m [39m
[90m [39m               [90m [39m strip-ansi > ansi-regex                                      [90m [39m
[90m                [39m[90m                                                                [39m
[90m [39m More info     [90m [39m https://github.com/advisories/GHSA-93q8-gq69-wqmw            [90m [39m
[90m                [39m[90m                                                                [39m
[90m                [39m[90m                                                                [39m
[90m [39m Moderate      [90m [39m  Inefficient Regular Expression Complexity in                [90m [39m
[90m [39m               [90m [39m chalk/ansi-regex                                             [90m [39m
[90m                [39m[90m                                                                [39m
[90m [39m Package       [90m [39m ansi-regex                                                   [90m [39m
[90m                [39m[90m                                                                [39m
[90m [39m Patched in    [90m [39m >=5.0.1                                                      [90m [39m
[90m                [39m[90m                                                                [39m
[90m [39m Dependency of [90m [39m react-scripts                                                [90m [39m
[90m                [39m[90m                                                                [39m
[90m [39m Path          [90m [39m react-scripts > webpack-dev-server > yargs > cliui >         [90m [39m
[90m [39m               [90m [39m string-width > strip-ansi > ansi-regex                       [90m [39m
[90m                [39m[90m                                                                [39m
[90m [39m More info     [90m [39m https://github.com/advisories/GHSA-93q8-gq69-wqmw            [90m [39m
[90m                [39m[90m                                                                [39m
[90m                [39m[90m                                                                [39m
[90m [39m Moderate      [90m [39m  Inefficient Regular Expression Complexity in                [90m [39m
[90m [39m               [90m [39m chalk/ansi-regex                                             [90m [39m
[90m                [39m[90m                                                                [39m
[90m [39m Package       [90m [39m ansi-regex                                                   [90m [39m
[90m                [39m[90m                                                                [39m
[90m [39m Patched in    [90m [39m >=5.0.1                                                      [90m [39m
[90m                [39m[90m                                                                [39m
[90m [39m Dependency of [90m [39m react-scripts                                                [90m [39m
[90m                [39m[90m                                                                [39m
[90m [39m Path          [90m [39m react-scripts > webpack-dev-server > yargs > cliui >         [90m [39m
[90m [39m               [90m [39m wrap-ansi > string-width > strip-ansi > ansi-regex           [90m [39m
[90m                [39m[90m                                                                [39m
[90m [39m More info     [90m [39m https://github.com/advisories/GHSA-93q8-gq69-wqmw            [90m [39m
[90m                [39m[90m                                                                [39m
[90m                [39m[90m                                                                [39m
[90m [39m Moderate      [90m [39m  Inefficient Regular Expression Complexity in                [90m [39m
[90m [39m               [90m [39m chalk/ansi-regex                                             [90m [39m
[90m                [39m[90m                                                                [39m
[90m [39m Package       [90m [39m ansi-regex                                                   [90m [39m
[90m                [39m[90m                                                                [39m
[90m [39m Patched in    [90m [39m >=5.0.1                                                      [90m [39m
[90m                [39m[90m                                                                [39m
[90m [39m Dependency of [90m [39m react-scripts                                                [90m [39m
[90m                [39m[90m                                                                [39m
[90m [39m Path          [90m [39m react-scripts > webpack-dev-server > yargs > cliui >         [90m [39m
[90m [39m               [90m [39m strip-ansi > ansi-regex                                      [90m [39m
[90m                [39m[90m                                                                [39m
[90m [39m More info     [90m [39m https://github.com/advisories/GHSA-93q8-gq69-wqmw            [90m [39m
[90m                [39m[90m                                                                [39m
[90m                [39m[90m                                                                [39m
[90m [39m Moderate      [90m [39m  Inefficient Regular Expression Complexity in                [90m [39m
[90m [39m               [90m [39m chalk/ansi-regex                                             [90m [39m
[90m                [39m[90m                                                                [39m
[90m [39m Package       [90m [39m ansi-regex                                                   [90m [39m
[90m                [39m[90m                                                                [39m
[90m [39m Patched in    [90m [39m >=5.0.1                                                      [90m [39m
[90m                [39m[90m                                                                [39m
[90m [39m Dependency of [90m [39m react-scripts                                                [90m [39m
[90m                [39m[90m                                                                [39m
[90m [39m Path          [90m [39m react-scripts > webpack-dev-server > yargs > cliui >         [90m [39m
[90m [39m               [90m [39m wrap-ansi > strip-ansi > ansi-regex                          [90m [39m
[90m                [39m[90m                                                                [39m
[90m [39m More info     [90m [39m https://github.com/advisories/GHSA-93q8-gq69-wqmw            [90m [39m
[90m                [39m[90m                                                                [39m
[90m                [39m[90m                                                                [39m
[90m [39m Moderate      [90m [39m Inefficient Regular Expression Complexity in nth-check       [90m [39m
[90m                [39m[90m                                                                [39m
[90m [39m Package       [90m [39m nth-check                                                    [90m [39m
[90m                [39m[90m                                                                [39m
[90m [39m Patched in    [90m [39m >=2.0.1                                                      [90m [39m
[90m                [39m[90m                                                                [39m
[90m [39m Dependency of [90m [39m react-scripts                                                [90m [39m
[90m                [39m[90m                                                                [39m
[90m [39m Path          [90m [39m react-scripts > @svgr/webpack > @svgr/plugin-svgo > svgo >   [90m [39m
[90m [39m               [90m [39m css-select > nth-check                                       [90m [39m
[90m                [39m[90m                                                                [39m
[90m [39m More info     [90m [39m https://github.com/advisories/GHSA-rp65-9cf3-cjxr            [90m [39m
[90m                [39m[90m                                                                [39m
[90m                [39m[90m                                                                [39m
[90m [39m Moderate      [90m [39m Inefficient Regular Expression Complexity in nth-check       [90m [39m
[90m                [39m[90m                                                                [39m
[90m [39m Package       [90m [39m nth-check                                                    [90m [39m
[90m                [39m[90m                                                                [39m
[90m [39m Patched in    [90m [39m >=2.0.1                                                      [90m [39m
[90m                [39m[90m                                                                [39m
[90m [39m Dependency of [90m [39m react-scripts                                                [90m [39m
[90m                [39m[90m                                                                [39m
[90m [39m Path          [90m [39m react-scripts > optimize-css-assets-webpack-plugin > cssnano [90m [39m
[90m [39m               [90m [39m > cssnano-preset-default > postcss-svgo > svgo > css-select  [90m [39m
[90m [39m               [90m [39m > nth-check                                                  [90m [39m
[90m                [39m[90m                                                                [39m
[90m [39m More info     [90m [39m https://github.com/advisories/GHSA-rp65-9cf3-cjxr            [90m [39m
[90m                [39m[90m                                                                [39m
[90m                [39m[90m                                                                [39m
[90m [39m High          [90m [39m Prototype Pollution in set-value                             [90m [39m
[90m                [39m[90m                                                                [39m
[90m [39m Package       [90m [39m set-value                                                    [90m [39m
[90m                [39m[90m                                                                [39m
[90m [39m Patched in    [90m [39m >=4.0.1                                                      [90m [39m
[90m                [39m[90m                                                                [39m
[90m [39m Dependency of [90m [39m react-scripts                                                [90m [39m
[90m                [39m[90m                                                                [39m
[90m [39m Path          [90m [39m react-scripts > webpack > micromatch > snapdragon > base >   [90m [39m
[90m [39m               [90m [39m cache-base > set-value                                       [90m [39m
[90m                [39m[90m                                                                [39m
[90m [39m More info     [90m [39m https://github.com/advisories/GHSA-4jqc-8m5r-9rpr            [90m [39m
[90m                [39m[90m                                                                [39m
[90m                [39m[90m                                                                [39m
[90m [39m High          [90m [39m Prototype Pollution in set-value                             [90m [39m
[90m                [39m[90m                                                                [39m
[90m [39m Package       [90m [39m set-value                                                    [90m [39m
[90m                [39m[90m                                                                [39m
[90m [39m Patched in    [90m [39m >=4.0.1                                                      [90m [39m
[90m                [39m[90m                                                                [39m
[90m [39m Dependency of [90m [39m react-scripts                                                [90m [39m
[90m                [39m[90m                                                                [39m
[90m [39m Path          [90m [39m react-scripts > webpack > micromatch > extglob > snapdragon  [90m [39m
[90m [39m               [90m [39m > base > cache-base > set-value                              [90m [39m
[90m                [39m[90m                                                                [39m
[90m [39m More info     [90m [39m https://github.com/advisories/GHSA-4jqc-8m5r-9rpr            [90m [39m
[90m                [39m[90m                                                                [39m
[90m                [39m[90m                                                                [39m
[90m [39m High          [90m [39m Prototype Pollution in set-value                             [90m [39m
[90m                [39m[90m                                                                [39m
[90m [39m Package       [90m [39m set-value                                                    [90m [39m
[90m                [39m[90m                                                                [39m
[90m [39m Patched in    [90m [39m >=4.0.1                                                      [90m [39m
[90m                [39m[90m                                                                [39m
[90m [39m Dependency of [90m [39m react-scripts                                                [90m [39m
[90m                [39m[90m                                                                [39m
[90m [39m Path          [90m [39m react-scripts > webpack > micromatch > extglob >             [90m [39m
[90m [39m               [90m [39m expand-brackets > snapdragon > base > cache-base > set-value [90m [39m
[90m                [39m[90m                                                                [39m
[90m [39m More info     [90m [39m https://github.com/advisories/GHSA-4jqc-8m5r-9rpr            [90m [39m
[90m                [39m[90m                                                                [39m
[90m                [39m[90m                                                                [39m
[90m [39m High          [90m [39m Prototype Pollution in set-value                             [90m [39m
[90m                [39m[90m                                                                [39m
[90m [39m Package       [90m [39m set-value                                                    [90m [39m
[90m                [39m[90m                                                                [39m
[90m [39m Patched in    [90m [39m >=4.0.1                                                      [90m [39m
[90m                [39m[90m                                                                [39m
[90m [39m Dependency of [90m [39m react-scripts                                                [90m [39m
[90m                [39m[90m                                                                [39m
[90m [39m Path          [90m [39m react-scripts > react-dev-utils >                            [90m [39m
[90m [39m               [90m [39m fork-ts-checker-webpack-plugin > micromatch > extglob >      [90m [39m
[90m [39m               [90m [39m expand-brackets > snapdragon > base > cache-base > set-value [90m [39m
[90m                [39m[90m                                                                [39m
[90m [39m More info     [90m [39m https://github.com/advisories/GHSA-4jqc-8m5r-9rpr            [90m [39m
[90m                [39m[90m                                                                [39m
[90m                [39m[90m                                                                [39m
[90m [39m High          [90m [39m Prototype Pollution in set-value                             [90m [39m
[90m                [39m[90m                                                                [39m
[90m [39m Package       [90m [39m set-value                                                    [90m [39m
[90m                [39m[90m                                                                [39m
[90m [39m Patched in    [90m [39m >=4.0.1                                                      [90m [39m
[90m                [39m[90m                                                                [39m
[90m [39m Dependency of [90m [39m react-scripts                                                [90m [39m
[90m                [39m[90m                                                                [39m
[90m [39m Path          [90m [39m react-scripts > babel-jest > @jest/transform >               [90m [39m
[90m [39m               [90m [39m jest-haste-map > sane > micromatch > braces > snapdragon >   [90m [39m
[90m [39m               [90m [39m base > cache-base > set-value                                [90m [39m
[90m                [39m[90m                                                                [39m
[90m [39m More info     [90m [39m https://github.com/advisories/GHSA-4jqc-8m5r-9rpr            [90m [39m
[90m                [39m[90m                                                                [39m
[90m                [39m[90m                                                                [39m
[90m [39m High          [90m [39m Prototype Pollution in set-value                             [90m [39m
[90m                [39m[90m                                                                [39m
[90m [39m Package       [90m [39m set-value                                                    [90m [39m
[90m                [39m[90m                                                                [39m
[90m [39m Patched in    [90m [39m >=4.0.1                                                      [90m [39m
[90m                [39m[90m                                                                [39m
[90m [39m Dependency of [90m [39m react-scripts                                                [90m [39m
[90m                [39m[90m                                                                [39m
[90m [39m Path          [90m [39m react-scripts > babel-jest > @jest/transform >               [90m [39m
[90m [39m               [90m [39m jest-haste-map > sane > anymatch > micromatch > braces >     [90m [39m
[90m [39m               [90m [39m snapdragon > base > cache-base > set-value                   [90m [39m
[90m                [39m[90m                                                                [39m
[90m [39m More info     [90m [39m https://github.com/advisories/GHSA-4jqc-8m5r-9rpr            [90m [39m
[90m                [39m[90m                                                                [39m
[90m                [39m[90m                                                                [39m
[90m [39m High          [90m [39m Prototype Pollution in set-value                             [90m [39m
[90m                [39m[90m                                                                [39m
[90m [39m Package       [90m [39m set-value                                                    [90m [39m
[90m                [39m[90m                                                                [39m
[90m [39m Patched in    [90m [39m >=4.0.1                                                      [90m [39m
[90m                [39m[90m                                                                [39m
[90m [39m Dependency of [90m [39m react-scripts                                                [90m [39m
[90m                [39m[90m                                                                [39m
[90m [39m Path          [90m [39m react-scripts > jest > @jest/core > @jest/transform >        [90m [39m
[90m [39m               [90m [39m jest-haste-map > sane > anymatch > micromatch > braces >     [90m [39m
[90m [39m               [90m [39m snapdragon > base > cache-base > set-value                   [90m [39m
[90m                [39m[90m                                                                [39m
[90m [39m More info     [90m [39m https://github.com/advisories/GHSA-4jqc-8m5r-9rpr            [90m [39m
[90m                [39m[90m                                                                [39m
[90m                [39m[90m                                                                [39m
[90m [39m High          [90m [39m Prototype Pollution in set-value                             [90m [39m
[90m                [39m[90m                                                                [39m
[90m [39m Package       [90m [39m set-value                                                    [90m [39m
[90m                [39m[90m                                                                [39m
[90m [39m Patched in    [90m [39m >=4.0.1                                                      [90m [39m
[90m                [39m[90m                                                                [39m
[90m [39m Dependency of [90m [39m react-scripts                                                [90m [39m
[90m                [39m[90m                                                                [39m
[90m [39m Path          [90m [39m react-scripts > jest > @jest/core > @jest/reporters >        [90m [39m
[90m [39m               [90m [39m @jest/transform > jest-haste-map > sane > anymatch >         [90m [39m
[90m [39m               [90m [39m micromatch > braces > snapdragon > base > cache-base >       [90m [39m
[90m [39m               [90m [39m set-value                                                    [90m [39m
[90m                [39m[90m                                                                [39m
[90m [39m More info     [90m [39m https://github.com/advisories/GHSA-4jqc-8m5r-9rpr            [90m [39m
[90m                [39m[90m                                                                [39m
[90m                [39m[90m                                                                [39m
[90m [39m High          [90m [39m Prototype Pollution in set-value                             [90m [39m
[90m                [39m[90m                                                                [39m
[90m [39m Package       [90m [39m set-value                                                    [90m [39m
[90m                [39m[90m                                                                [39m
[90m [39m Patched in    [90m [39m >=4.0.1                                                      [90m [39m
[90m                [39m[90m                                                                [39m
[90m [39m Dependency of [90m [39m react-scripts                                                [90m [39m
[90m                [39m[90m                                                                [39m
[90m [39m Path          [90m [39m react-scripts > jest > @jest/core > jest-config > babel-jest [90m [39m
[90m [39m               [90m [39m > @jest/transform > jest-haste-map > sane > anymatch >       [90m [39m
[90m [39m               [90m [39m micromatch > braces > snapdragon > base > cache-base >       [90m [39m
[90m [39m               [90m [39m set-value                                                    [90m [39m
[90m                [39m[90m                                                                [39m
[90m [39m More info     [90m [39m https://github.com/advisories/GHSA-4jqc-8m5r-9rpr            [90m [39m
[90m                [39m[90m                                                                [39m
[90m                [39m[90m                                                                [39m
[90m [39m High          [90m [39m Prototype Pollution in set-value                             [90m [39m
[90m                [39m[90m                                                                [39m
[90m [39m Package       [90m [39m set-value                                                    [90m [39m
[90m                [39m[90m                                                                [39m
[90m [39m Patched in    [90m [39m >=4.0.1                                                      [90m [39m
[90m                [39m[90m                                                                [39m
[90m [39m Dependency of [90m [39m react-scripts                                                [90m [39m
[90m                [39m[90m                                                                [39m
[90m [39m Path          [90m [39m react-scripts > jest > jest-cli > @jest/core > jest-config > [90m [39m
[90m [39m               [90m [39m babel-jest > @jest/transform > jest-haste-map > sane >       [90m [39m
[90m [39m               [90m [39m anymatch > micromatch > braces > snapdragon > base >         [90m [39m
[90m [39m               [90m [39m cache-base > set-value                                       [90m [39m
[90m                [39m[90m                                                                [39m
[90m [39m More info     [90m [39m https://github.com/advisories/GHSA-4jqc-8m5r-9rpr            [90m [39m
[90m                [39m[90m                                                                [39m
[90m                [39m[90m                                                                [39m
[90m [39m High          [90m [39m Prototype Pollution in set-value                             [90m [39m
[90m                [39m[90m                                                                [39m
[90m [39m Package       [90m [39m set-value                                                    [90m [39m
[90m                [39m[90m                                                                [39m
[90m [39m Patched in    [90m [39m >=4.0.1                                                      [90m [39m
[90m                [39m[90m                                                                [39m
[90m [39m Dependency of [90m [39m react-scripts                                                [90m [39m
[90m                [39m[90m                                                                [39m
[90m [39m Path          [90m [39m react-scripts > jest > jest-cli > @jest/core > jest-runner > [90m [39m
[90m [39m               [90m [39m jest-config > babel-jest > @jest/transform > jest-haste-map  [90m [39m
[90m [39m               [90m [39m > sane > anymatch > micromatch > braces > snapdragon > base  [90m [39m
[90m [39m               [90m [39m > cache-base > set-value                                     [90m [39m
[90m                [39m[90m                                                                [39m
[90m [39m More info     [90m [39m https://github.com/advisories/GHSA-4jqc-8m5r-9rpr            [90m [39m
[90m                [39m[90m                                                                [39m
[90m                [39m[90m                                                                [39m
[90m [39m High          [90m [39m Prototype Pollution in set-value                             [90m [39m
[90m                [39m[90m                                                                [39m
[90m [39m Package       [90m [39m set-value                                                    [90m [39m
[90m                [39m[90m                                                                [39m
[90m [39m Patched in    [90m [39m >=4.0.1                                                      [90m [39m
[90m                [39m[90m                                                                [39m
[90m [39m Dependency of [90m [39m react-scripts                                                [90m [39m
[90m                [39m[90m                                                                [39m
[90m [39m Path          [90m [39m react-scripts > jest > jest-cli > @jest/core > jest-runner > [90m [39m
[90m [39m               [90m [39m jest-runtime > jest-config > babel-jest > @jest/transform >  [90m [39m
[90m [39m               [90m [39m jest-haste-map > sane > anymatch > micromatch > braces >     [90m [39m
[90m [39m               [90m [39m snapdragon > base > cache-base > set-value                   [90m [39m
[90m                [39m[90m                                                                [39m
[90m [39m More info     [90m [39m https://github.com/advisories/GHSA-4jqc-8m5r-9rpr            [90m [39m
[90m                [39m[90m                                                                [39m
[90m                [39m[90m                                                                [39m
[90m [39m High          [90m [39m Prototype Pollution in set-value                             [90m [39m
[90m                [39m[90m                                                                [39m
[90m [39m Package       [90m [39m set-value                                                    [90m [39m
[90m                [39m[90m                                                                [39m
[90m [39m Patched in    [90m [39m >=4.0.1                                                      [90m [39m
[90m                [39m[90m                                                                [39m
[90m [39m Dependency of [90m [39m react-scripts                                                [90m [39m
[90m                [39m[90m                                                                [39m
[90m [39m Path          [90m [39m react-scripts > jest > jest-cli > @jest/core > jest-runner > [90m [39m
[90m [39m               [90m [39m jest-runtime > jest-config > babel-jest > @jest/transform >  [90m [39m
[90m [39m               [90m [39m jest-haste-map > sane > anymatch > micromatch > extglob >    [90m [39m
[90m [39m               [90m [39m expand-brackets > snapdragon > base > cache-base > set-value [90m [39m
[90m                [39m[90m                                                                [39m
[90m [39m More info     [90m [39m https://github.com/advisories/GHSA-4jqc-8m5r-9rpr            [90m [39m
[90m                [39m[90m                                                                [39m
[90m                [39m[90m                                                                [39m
[90m [39m High          [90m [39m Prototype Pollution in set-value                             [90m [39m
[90m                [39m[90m                                                                [39m
[90m [39m Package       [90m [39m set-value                                                    [90m [39m
[90m                [39m[90m                                                                [39m
[90m [39m Patched in    [90m [39m >=4.0.1                                                      [90m [39m
[90m                [39m[90m                                                                [39m
[90m [39m Dependency of [90m [39m react-scripts                                                [90m [39m
[90m                [39m[90m                                                                [39m
[90m [39m Path          [90m [39m react-scripts > jest > jest-cli > @jest/core > jest-runner > [90m [39m
[90m [39m               [90m [39m jest-runtime > jest-config > babel-jest > @jest/transform >  [90m [39m
[90m [39m               [90m [39m jest-haste-map > sane > anymatch > micromatch > extglob >    [90m [39m
[90m [39m               [90m [39m expand-brackets > snapdragon > base > cache-base >           [90m [39m
[90m [39m               [90m [39m union-value > set-value                                      [90m [39m
[90m                [39m[90m                                                                [39m
[90m [39m More info     [90m [39m https://github.com/advisories/GHSA-4jqc-8m5r-9rpr            [90m [39m
[90m                [39m[90m                                                                [39m
[90m                [39m[90m                                                                [39m
[90m [39m High          [90m [39m Prototype Pollution in immer                                 [90m [39m
[90m                [39m[90m                                                                [39m
[90m [39m Package       [90m [39m immer                                                        [90m [39m
[90m                [39m[90m                                                                [39m
[90m [39m Patched in    [90m [39m >=9.0.6                                                      [90m [39m
[90m                [39m[90m                                                                [39m
[90m [39m Dependency of [90m [39m react-scripts                                                [90m [39m
[90m                [39m[90m                                                                [39m
[90m [39m Path          [90m [39m react-scripts > react-dev-utils > immer                      [90m [39m
[90m                [39m[90m                                                                [39m
[90m [39m More info     [90m [39m https://github.com/advisories/GHSA-c36v-fmgq-m8hx            [90m [39m
[90m                [39m[90m                                                                [39m
[90m                [39m[90m                                                                [39m
[90m [39m Critical      [90m [39m Prototype Pollution in immer                                 [90m [39m
[90m                [39m[90m                                                                [39m
[90m [39m Package       [90m [39m immer                                                        [90m [39m
[90m                [39m[90m                                                                [39m
[90m [39m Patched in    [90m [39m >=9.0.6                                                      [90m [39m
[90m                [39m[90m                                                                [39m
[90m [39m Dependency of [90m [39m react-scripts                                                [90m [39m
[90m                [39m[90m                                                                [39m
[90m [39m Path          [90m [39m react-scripts > react-dev-utils > immer                      [90m [39m
[90m                [39m[90m                                                                [39m
[90m [39m More info     [90m [39m https://github.com/advisories/GHSA-33f9-j839-rf8h            [90m [39m
[90m                [39m[90m                                                                [39m
[90m                [39m[90m                                                                [39m
[90m [39m High          [90m [39m Uncontrolled Resource Consumption in ansi-html               [90m [39m
[90m                [39m[90m                                                                [39m
[90m [39m Package       [90m [39m ansi-html                                                    [90m [39m
[90m                [39m[90m                                                                [39m
[90m [39m Patched in    [90m [39m No patch available                                           [90m [39m
[90m                [39m[90m                                                                [39m
[90m [39m Dependency of [90m [39m react-scripts                                                [90m [39m
[90m                [39m[90m                                                                [39m
[90m [39m Path          [90m [39m react-scripts > @pmmmwh/react-refresh-webpack-plugin >       [90m [39m
[90m [39m               [90m [39m ansi-html                                                    [90m [39m
[90m                [39m[90m                                                                [39m
[90m [39m More info     [90m [39m https://github.com/advisories/GHSA-whgm-jr23-g3j9            [90m [39m
[90m                [39m[90m                                                                [39m
[90m                [39m[90m                                                                [39m
[90m [39m High          [90m [39m Regular expression denial of service                         [90m [39m
[90m                [39m[90m                                                                [39m
[90m [39m Package       [90m [39m glob-parent                                                  [90m [39m
[90m                [39m[90m                                                                [39m
[90m [39m Patched in    [90m [39m >=5.1.2                                                      [90m [39m
[90m                [39m[90m                                                                [39m
[90m [39m Dependency of [90m [39m react-scripts                                                [90m [39m
[90m                [39m[90m                                                                [39m
[90m [39m Path          [90m [39m react-scripts > webpack > watchpack > watchpack-chokidar2 >  [90m [39m
[90m [39m               [90m [39m chokidar > glob-parent                                       [90m [39m
[90m                [39m[90m                                                                [39m
[90m [39m More info     [90m [39m https://github.com/advisories/GHSA-ww39-953v-wcq6            [90m [39m
[90m                [39m[90m                                                                [39m
[90m                [39m[90m                                                                [39m
[90m [39m High          [90m [39m Regular expression denial of service                         [90m [39m
[90m                [39m[90m                                                                [39m
[90m [39m Package       [90m [39m glob-parent                                                  [90m [39m
[90m                [39m[90m                                                                [39m
[90m [39m Patched in    [90m [39m >=5.1.2                                                      [90m [39m
[90m                [39m[90m                                                                [39m
[90m [39m Dependency of [90m [39m react-scripts                                                [90m [39m
[90m                [39m[90m                                                                [39m
[90m [39m Path          [90m [39m react-scripts > webpack-dev-server > chokidar > glob-parent  [90m [39m
[90m                [39m[90m                                                                [39m
[90m [39m More info     [90m [39m https://github.com/advisories/GHSA-ww39-953v-wcq6            [90m [39m
[90m                [39m[90m                                                                [39m
[90m                [39m[90m                                                                [39m
[90m [39m Moderate      [90m [39m Regular Expression Denial of Service in browserslist         [90m [39m
[90m                [39m[90m                                                                [39m
[90m [39m Package       [90m [39m browserslist                                                 [90m [39m
[90m                [39m[90m                                                                [39m
[90m [39m Patched in    [90m [39m >=4.16.5                                                     [90m [39m
[90m                [39m[90m                                                                [39m
[90m [39m Dependency of [90m [39m react-scripts                                                [90m [39m
[90m                [39m[90m                                                                [39m
[90m [39m Path          [90m [39m react-scripts > react-dev-utils > browserslist               [90m [39m
[90m                [39m[90m                                                                [39m
[90m [39m More info     [90m [39m https://github.com/advisories/GHSA-w8qv-6jwh-64r5            [90m [39m
[90m                [39m[90m                                                                [39m
found 27 vulnerabilities (8 moderate, 18 high, 1 critical) in 1775 scanned packages
  27 vulnerabilities require manual review. See the full report for details.
